{
	"Name": "foo",
	"SpanContext": {
		"TraceID": "374c11217817c32b01876bb2e2aceae8",
		"SpanID": "8c982b3e435c56e0",
		"TraceFlags": "01",
		"TraceState": "",
		"Remote": false
	},
	"Parent": {
		"TraceID": "374c11217817c32b01876bb2e2aceae8",
		"SpanID": "65c37661e2869798",
		"TraceFlags": "01",
		"TraceState": "",
		"Remote": false
	},
	"SpanKind": 1,
	"StartTime": "0001-01-01T00:00:00Z",
	"EndTime": "0001-01-01T00:00:00Z",
	"Attributes": null,
	"Events": null,
	"Links": null,
	"Status": {
		"Code": "Unset",
		"Description": ""
	},
	"DroppedAttributes": 0,
	"DroppedEvents": 0,
	"DroppedLinks": 0,
	"ChildSpanCount": 0,
	"Resource": null,
	"InstrumentationLibrary": {
		"Name": "foo",
		"Version": "",
		"SchemaURL": ""
	}
}
{
	"Name": "Fibonacci",
	"SpanContext": {
		"TraceID": "374c11217817c32b01876bb2e2aceae8",
		"SpanID": "6676950f24fe09e2",
		"TraceFlags": "01",
		"TraceState": "",
		"Remote": false
	},
	"Parent": {
		"TraceID": "374c11217817c32b01876bb2e2aceae8",
		"SpanID": "65c37661e2869798",
		"TraceFlags": "01",
		"TraceState": "",
		"Remote": false
	},
	"SpanKind": 1,
	"StartTime": "0001-01-01T00:00:00Z",
	"EndTime": "0001-01-01T00:00:00Z",
	"Attributes": null,
	"Events": null,
	"Links": null,
	"Status": {
		"Code": "Unset",
		"Description": ""
	},
	"DroppedAttributes": 0,
	"DroppedEvents": 0,
	"DroppedLinks": 0,
	"ChildSpanCount": 0,
	"Resource": null,
	"InstrumentationLibrary": {
		"Name": "Fibonacci",
		"Version": "",
		"SchemaURL": ""
	}
}
{
	"Name": "FibonacciHelper",
	"SpanContext": {
		"TraceID": "374c11217817c32b01876bb2e2aceae8",
		"SpanID": "65c37661e2869798",
		"TraceFlags": "01",
		"TraceState": "",
		"Remote": false
	},
	"Parent": {
		"TraceID": "374c11217817c32b01876bb2e2aceae8",
		"SpanID": "89a2f3b8fc474d6a",
		"TraceFlags": "01",
		"TraceState": "",
		"Remote": false
	},
	"SpanKind": 1,
	"StartTime": "0001-01-01T00:00:00Z",
	"EndTime": "0001-01-01T00:00:00Z",
	"Attributes": null,
	"Events": null,
	"Links": null,
	"Status": {
		"Code": "Unset",
		"Description": ""
	},
	"DroppedAttributes": 0,
	"DroppedEvents": 0,
	"DroppedLinks": 0,
	"ChildSpanCount": 2,
	"Resource": null,
	"InstrumentationLibrary": {
		"Name": "FibonacciHelper",
		"Version": "",
		"SchemaURL": ""
	}
}
{
	"Name": "main",
	"SpanContext": {
		"TraceID": "374c11217817c32b01876bb2e2aceae8",
		"SpanID": "89a2f3b8fc474d6a",
		"TraceFlags": "01",
		"TraceState": "",
		"Remote": false
	},
	"Parent": {
		"TraceID": "00000000000000000000000000000000",
		"SpanID": "0000000000000000",
		"TraceFlags": "00",
		"TraceState": "",
		"Remote": false
	},
	"SpanKind": 1,
	"StartTime": "0001-01-01T00:00:00Z",
	"EndTime": "0001-01-01T00:00:00Z",
	"Attributes": null,
	"Events": null,
	"Links": null,
	"Status": {
		"Code": "Unset",
		"Description": ""
	},
	"DroppedAttributes": 0,
	"DroppedEvents": 0,
	"DroppedLinks": 0,
	"ChildSpanCount": 1,
	"Resource": null,
	"InstrumentationLibrary": {
		"Name": "main",
		"Version": "",
		"SchemaURL": ""
	}
}
